#
# There is insufficient memory for the Java Runtime Environment to continue.
# Native memory allocation (malloc) failed to allocate 1048576 bytes for AllocateHeap
# Possible reasons:
#   The system is out of physical RAM or swap space
#   The process is running with CompressedOops enabled, and the Java Heap may be blocking the growth of the native heap
# Possible solutions:
#   Reduce memory load on the system
#   Increase physical memory or swap space
#   Check if swap backing store is full
#   Decrease Java heap size (-Xmx/-Xms)
#   Decrease number of Java threads
#   Decrease Java thread stack sizes (-Xss)
#   Set larger code cache with -XX:ReservedCodeCacheSize=
#   JVM is running with Unscaled Compressed Oops mode in which the Java heap is
#     placed in the first 4GB address space. The Java Heap base address is the
#     maximum limit for the native heap growth. Please use -XX:HeapBaseMinAddress
#     to set the Java Heap base and to place the Java Heap above 4GB virtual address.
# This output file may be truncated or incomplete.
#
#  Out of Memory Error (allocation.cpp:44), pid=2712, tid=22692
#
# JRE version: Java(TM) SE Runtime Environment (21.0.7+8) (build 21.0.7+8-LTS-245)
# Java VM: Java HotSpot(TM) 64-Bit Server VM (21.0.7+8-LTS-245, mixed mode, emulated-client, sharing, tiered, compressed oops, compressed class ptrs, g1 gc, windows-amd64)
# No core dump will be written. Minidumps are not enabled by default on client versions of Windows
#

---------------  S U M M A R Y ------------

Command Line: -Dcom.sun.management.jmxremote -Dcom.sun.management.jmxremote.port=49882 -Dcom.sun.management.jmxremote.authenticate=false -Dcom.sun.management.jmxremote.ssl=false -Djava.rmi.server.hostname=localhost -Dspring.jmx.enabled=true -Dmanagement.endpoints.jmx.exposure.include=* -Dspring.application.admin.enabled=true -Dspring.output.ansi.enabled=always -XX:TieredStopAtLevel=1 -Dspring.boot.project.name=TripDetails -Dfile.encoding=UTF-8 -Dstdout.encoding=UTF-8 -Dstderr.encoding=UTF-8 -XX:+ShowCodeDetailsInExceptionMessages mahametro.tripchart.TripDetailsApplication

Host: AMD Ryzen 5 7520U with Radeon Graphics         , 8 cores, 5G,  Windows 11 , 64 bit Build 26100 (10.0.26100.8737)
Time: Fri Jul  3 09:56:52 2026 India Standard Time elapsed time: 5356.226846 seconds (0d 1h 29m 16s)

---------------  T H R E A D  ---------------

Current thread (0x0000020efd33d040):  VMThread "VM Thread"          [id=22692, stack(0x000000f20b700000,0x000000f20b800000) (1024K)]

Stack: [0x000000f20b700000,0x000000f20b800000]
Native frames: (J=compiled Java code, j=interpreted, Vv=VM code, C=native code)
V  [jvm.dll+0x6cae19]
V  [jvm.dll+0x855741]
V  [jvm.dll+0x857c6e]
V  [jvm.dll+0x858343]
V  [jvm.dll+0x27e0b6]
V  [jvm.dll+0xbfa77]
V  [jvm.dll+0x344842]
V  [jvm.dll+0x33f26e]
V  [jvm.dll+0x327cd8]
V  [jvm.dll+0x36abd4]
V  [jvm.dll+0x85e110]
V  [jvm.dll+0x85f494]
V  [jvm.dll+0x85f9d0]
V  [jvm.dll+0x85fc73]
V  [jvm.dll+0x7ffa1b]
V  [jvm.dll+0x6c94fd]
C  [ucrtbase.dll+0x2cd30]
C  [KERNEL32.DLL+0x2e957]
C  [ntdll.dll+0xaad6c]

VM_Operation (0x000000f20adff060): G1CollectFull, mode: safepoint, requested by thread 0x0000020efe58c870


---------------  P R O C E S S  ---------------

Threads class SMR info:
_java_thread_list=0x0000020ec6712e40, length=18, elements={
0x0000020efd3584e0, 0x0000020efd35ac60, 0x0000020efd35ee60, 0x0000020efd3605d0,
0x0000020efd361150, 0x0000020efd373580, 0x0000020efd374e20, 0x0000020efd57d1c0,
0x0000020efd5e2550, 0x0000020efdb41e30, 0x0000020efdb587b0, 0x0000020efdb74450,
0x0000020efdfd0720, 0x0000020efdfda150, 0x0000020efdfdaeb0, 0x0000020efe58f660,
0x0000020ec683c6c0, 0x0000020efe58c870
}

Java Threads: ( => current thread )
  0x0000020efd3584e0 JavaThread "Reference Handler"          daemon [_thread_blocked, id=28216, stack(0x000000f20b800000,0x000000f20b900000) (1024K)]
  0x0000020efd35ac60 JavaThread "Finalizer"                  daemon [_thread_blocked, id=27812, stack(0x000000f20b900000,0x000000f20ba00000) (1024K)]
  0x0000020efd35ee60 JavaThread "Signal Dispatcher"          daemon [_thread_blocked, id=12612, stack(0x000000f20ba00000,0x000000f20bb00000) (1024K)]
  0x0000020efd3605d0 JavaThread "Attach Listener"            daemon [_thread_blocked, id=25492, stack(0x000000f20bb00000,0x000000f20bc00000) (1024K)]
  0x0000020efd361150 JavaThread "Service Thread"             daemon [_thread_blocked, id=18176, stack(0x000000f20bc00000,0x000000f20bd00000) (1024K)]
  0x0000020efd373580 JavaThread "Monitor Deflation Thread"   daemon [_thread_blocked, id=29128, stack(0x000000f20bd00000,0x000000f20be00000) (1024K)]
  0x0000020efd374e20 JavaThread "C1 CompilerThread0"         daemon [_thread_blocked, id=14224, stack(0x000000f20be00000,0x000000f20bf00000) (1024K)]
  0x0000020efd57d1c0 JavaThread "Common-Cleaner"             daemon [_thread_blocked, id=27684, stack(0x000000f20c100000,0x000000f20c200000) (1024K)]
  0x0000020efd5e2550 JavaThread "Notification Thread"        daemon [_thread_blocked, id=25092, stack(0x000000f20c200000,0x000000f20c300000) (1024K)]
  0x0000020efdb41e30 JavaThread "RMI TCP Accept-0"           daemon [_thread_in_native, id=25892, stack(0x000000f20c300000,0x000000f20c400000) (1024K)]
  0x0000020efdb587b0 JavaThread "RMI TCP Accept-49882"       daemon [_thread_in_native, id=11048, stack(0x000000f20c400000,0x000000f20c500000) (1024K)]
  0x0000020efdb74450 JavaThread "RMI TCP Accept-0"           daemon [_thread_in_native, id=372, stack(0x000000f20c500000,0x000000f20c600000) (1024K)]
  0x0000020efdfd0720 JavaThread "RMI Scheduler(0)"           daemon [_thread_blocked, id=26808, stack(0x000000f20ce00000,0x000000f20cf00000) (1024K)]
  0x0000020efdfda150 JavaThread "RMI TCP Connection(idle)"   daemon [_thread_blocked, id=24636, stack(0x000000f20cf00000,0x000000f20d000000) (1024K)]
  0x0000020efdfdaeb0 JavaThread "JMX server connection timeout 35" daemon [_thread_blocked, id=29620, stack(0x000000f20d000000,0x000000f20d100000) (1024K)]
  0x0000020efe58f660 JavaThread "Cleaner-0"                  daemon [_thread_blocked, id=25884, stack(0x000000f20d500000,0x000000f20d600000) (1024K)]
  0x0000020ec683c6c0 JavaThread "DestroyJavaVM"                     [_thread_blocked, id=15704, stack(0x000000f20b000000,0x000000f20b100000) (1024K)]
  0x0000020efe58c870 JavaThread "Thread-5"                          [_thread_blocked, id=13824, stack(0x000000f20ad00000,0x000000f20ae00000) (1024K)]
Total: 18

Other Threads:
=>0x0000020efd33d040 VMThread "VM Thread"                           [id=22692, stack(0x000000f20b700000,0x000000f20b800000) (1024K)]
  0x0000020efd32b3f0 WatcherThread "VM Periodic Task Thread"        [id=25096, stack(0x000000f20b600000,0x000000f20b700000) (1024K)]
  0x0000020eed6d30d0 WorkerThread "GC Thread#0"                     [id=26872, stack(0x000000f20b100000,0x000000f20b200000) (1024K)]
  0x0000020efdf8ef80 WorkerThread "GC Thread#1"                     [id=25364, stack(0x000000f20c700000,0x000000f20c800000) (1024K)]
  0x0000020efdfa1bc0 WorkerThread "GC Thread#2"                     [id=3652, stack(0x000000f20c800000,0x000000f20c900000) (1024K)]
  0x0000020efdfa78d0 WorkerThread "GC Thread#3"                     [id=25908, stack(0x000000f20c900000,0x000000f20ca00000) (1024K)]
  0x0000020efdfa7c70 WorkerThread "GC Thread#4"                     [id=20804, stack(0x000000f20ca00000,0x000000f20cb00000) (1024K)]
  0x0000020efdfad440 WorkerThread "GC Thread#5"                     [id=25116, stack(0x000000f20cb00000,0x000000f20cc00000) (1024K)]
  0x0000020efdfad7e0 WorkerThread "GC Thread#6"                     [id=11088, stack(0x000000f20cc00000,0x000000f20cd00000) (1024K)]
  0x0000020efdfbdb90 WorkerThread "GC Thread#7"                     [id=21572, stack(0x000000f20cd00000,0x000000f20ce00000) (1024K)]
  0x0000020eed6df940 ConcurrentGCThread "G1 Main Marker"            [id=27408, stack(0x000000f20b200000,0x000000f20b300000) (1024K)]
  0x0000020eed6e1870 WorkerThread "G1 Conc#0"                       [id=26320, stack(0x000000f20b300000,0x000000f20b400000) (1024K)]
  0x0000020efeba1210 WorkerThread "G1 Conc#1"                       [id=5328, stack(0x000000f20d400000,0x000000f20d500000) (1024K)]
  0x0000020efd1fb120 ConcurrentGCThread "G1 Refine#0"               [id=28168, stack(0x000000f20b400000,0x000000f20b500000) (1024K)]
  0x0000020efd1fc950 ConcurrentGCThread "G1 Service"                [id=28192, stack(0x000000f20b500000,0x000000f20b600000) (1024K)]
Total: 15

Threads with active compile tasks:
Total: 0

VM state: at safepoint (normal execution)

VM Mutex/Monitor currently owned by a thread:  ([mutex/lock_event])
[0x00007ff8f4d5de50] Threads_lock - owner thread: 0x0000020efd33d040
[0x00007ff8f4d5df50] Heap_lock - owner thread: 0x0000020efe58c870

Heap address: 0x00000000a2c00000, size: 1492 MB, Compressed Oops mode: 32-bit

CDS archive(s) mapped at: [0x0000020e80000000-0x0000020e80c90000-0x0000020e80c90000), size 13172736, SharedBaseAddress: 0x0000020e80000000, ArchiveRelocationMode: 1.
Compressed class space mapped at: 0x0000020e81000000-0x0000020ec1000000, reserved size: 1073741824
Narrow klass base: 0x0000020e80000000, Narrow klass shift: 0, Narrow klass range: 0x100000000

GC Precious Log:
 CardTable entry size: 512
 Card Set container configuration: InlinePtr #cards 5 size 8 Array Of Cards #cards 12 size 40 Howl #buckets 4 coarsen threshold 1843 Howl Bitmap #cards 512 size 80 coarsen threshold 460 Card regions per heap region 1 cards per card region 2048
 CPUs: 8 total, 8 available
 Memory: 5965M
 Large Page Support: Disabled
 NUMA Support: Disabled
 Compressed Oops: Enabled (32-bit)
 Heap Region Size: 1M
 Heap Min Capacity: 8M
 Heap Initial Capacity: 94M
 Heap Max Capacity: 1492M
 Pre-touch: Disabled
 Parallel Workers: 8
 Concurrent Workers: 2
 Concurrent Refinement Workers: 8
 Periodic GC: Disabled

Heap:
 garbage-first heap   total 65536K, used 56209K [0x00000000a2c00000, 0x0000000100000000)
  region size 1024K, 28 young (28672K), 2 survivors (2048K)
 Metaspace       used 80262K, committed 81024K, reserved 1179648K
  class space    used 11180K, committed 11520K, reserved 1048576K

Heap Regions: E=young(eden), S=young(survivor), O=old, HS=humongous(starts), HC=humongous(continues), CS=collection set, F=free, TAMS=top-at-mark-start, PB=parsable bottom
|   0|0x00000000a2c00000, 0x00000000a2d00000, 0x00000000a2d00000|100%|HS|  |TAMS 0x00000000a2c00000| PB 0x00000000a2c00000| Complete 
|   1|0x00000000a2d00000, 0x00000000a2e00000, 0x00000000a2e00000|100%| O|  |TAMS 0x00000000a2d00000| PB 0x00000000a2d00000| Untracked 
|   2|0x00000000a2e00000, 0x00000000a2effff0, 0x00000000a2f00000| 99%| O|  |TAMS 0x00000000a2e00000| PB 0x00000000a2e00000| Untracked 
|   3|0x00000000a2f00000, 0x00000000a2ffffe0, 0x00000000a3000000| 99%| O|  |TAMS 0x00000000a2f00000| PB 0x00000000a2f00000| Untracked 
|   4|0x00000000a3000000, 0x00000000a3100000, 0x00000000a3100000|100%| O|  |TAMS 0x00000000a3000000| PB 0x00000000a3000000| Untracked 
|   5|0x00000000a3100000, 0x00000000a31fffb8, 0x00000000a3200000| 99%| O|  |TAMS 0x00000000a3100000| PB 0x00000000a3100000| Untracked 
|   6|0x00000000a3200000, 0x00000000a3300000, 0x00000000a3300000|100%| O|  |TAMS 0x00000000a3200000| PB 0x00000000a3200000| Untracked 
|   7|0x00000000a3300000, 0x00000000a3400000, 0x00000000a3400000|100%| O|  |TAMS 0x00000000a3300000| PB 0x00000000a3300000| Untracked 
|   8|0x00000000a3400000, 0x00000000a34fffe8, 0x00000000a3500000| 99%| O|  |TAMS 0x00000000a3400000| PB 0x00000000a3400000| Untracked 
|   9|0x00000000a3500000, 0x00000000a35ffff8, 0x00000000a3600000| 99%| O|  |TAMS 0x00000000a3500000| PB 0x00000000a3500000| Untracked 
|  10|0x00000000a3600000, 0x00000000a36fffe8, 0x00000000a3700000| 99%| O|  |TAMS 0x00000000a3600000| PB 0x00000000a3600000| Untracked 
|  11|0x00000000a3700000, 0x00000000a37fffd0, 0x00000000a3800000| 99%| O|  |TAMS 0x00000000a3700000| PB 0x00000000a3700000| Untracked 
|  12|0x00000000a3800000, 0x00000000a38fffc8, 0x00000000a3900000| 99%| O|  |TAMS 0x00000000a3800000| PB 0x00000000a3800000| Untracked 
|  13|0x00000000a3900000, 0x00000000a39f8160, 0x00000000a3a00000| 96%| O|  |TAMS 0x00000000a3900000| PB 0x00000000a3900000| Untracked 
|  14|0x00000000a3a00000, 0x00000000a3afffb0, 0x00000000a3b00000| 99%| O|  |TAMS 0x00000000a3a00000| PB 0x00000000a3a00000| Untracked 
|  15|0x00000000a3b00000, 0x00000000a3bffff8, 0x00000000a3c00000| 99%| O|  |TAMS 0x00000000a3b00000| PB 0x00000000a3b00000| Untracked 
|  16|0x00000000a3c00000, 0x00000000a3cfff98, 0x00000000a3d00000| 99%| O|  |TAMS 0x00000000a3c00000| PB 0x00000000a3c00000| Untracked 
|  17|0x00000000a3d00000, 0x00000000a3dffff0, 0x00000000a3e00000| 99%| O|  |TAMS 0x00000000a3d00000| PB 0x00000000a3d00000| Untracked 
|  18|0x00000000a3e00000, 0x00000000a3efffe8, 0x00000000a3f00000| 99%| O|  |TAMS 0x00000000a3e00000| PB 0x00000000a3e00000| Untracked 
|  19|0x00000000a3f00000, 0x00000000a3ffffe8, 0x00000000a4000000| 99%| O|  |TAMS 0x00000000a3f00000| PB 0x00000000a3f00000| Untracked 
|  20|0x00000000a4000000, 0x00000000a4000000, 0x00000000a4100000|  0%| F|  |TAMS 0x00000000a4000000| PB 0x00000000a4000000| Untracked 
|  21|0x00000000a4100000, 0x00000000a4200000, 0x00000000a4200000|100%| O|  |TAMS 0x00000000a4100000| PB 0x00000000a4100000| Untracked 
|  22|0x00000000a4200000, 0x00000000a4200000, 0x00000000a4300000|  0%| F|  |TAMS 0x00000000a4200000| PB 0x00000000a4200000| Untracked 
|  23|0x00000000a4300000, 0x00000000a4400000, 0x00000000a4400000|100%| O|  |TAMS 0x00000000a4300000| PB 0x00000000a4300000| Untracked 
|  24|0x00000000a4400000, 0x00000000a4500000, 0x00000000a4500000|100%| O|  |TAMS 0x00000000a4400000| PB 0x00000000a4400000| Untracked 
|  25|0x00000000a4500000, 0x00000000a45f6a50, 0x00000000a4600000| 96%| O|  |TAMS 0x00000000a4500000| PB 0x00000000a4500000| Untracked 
|  26|0x00000000a4600000, 0x00000000a46c2fa8, 0x00000000a4700000| 76%| O|  |TAMS 0x00000000a4600000| PB 0x00000000a4600000| Untracked 
|  27|0x00000000a4700000, 0x00000000a4700000, 0x00000000a4800000|  0%| F|  |TAMS 0x00000000a4700000| PB 0x00000000a4700000| Untracked 
|  28|0x00000000a4800000, 0x00000000a4800000, 0x00000000a4900000|  0%| F|  |TAMS 0x00000000a4800000| PB 0x00000000a4800000| Untracked 
|  29|0x00000000a4900000, 0x00000000a4932d80, 0x00000000a4a00000| 19%| S|CS|TAMS 0x00000000a4900000| PB 0x00000000a4900000| Complete 
|  30|0x00000000a4a00000, 0x00000000a4b00000, 0x00000000a4b00000|100%| O|Cm|TAMS 0x00000000a4a00000| PB 0x00000000a4a00000| Complete 
|  31|0x00000000a4b00000, 0x00000000a4c00000, 0x00000000a4c00000|100%| S|CS|TAMS 0x00000000a4b00000| PB 0x00000000a4b00000| Complete 
|  32|0x00000000a4c00000, 0x00000000a4c00000, 0x00000000a4d00000|  0%| F|  |TAMS 0x00000000a4c00000| PB 0x00000000a4c00000| Untracked 
|  33|0x00000000a4d00000, 0x00000000a4d00000, 0x00000000a4e00000|  0%| F|  |TAMS 0x00000000a4d00000| PB 0x00000000a4d00000| Untracked 
|  34|0x00000000a4e00000, 0x00000000a4f00000, 0x00000000a4f00000|100%| O|Cm|TAMS 0x00000000a4e00000| PB 0x00000000a4e00000| Complete 
|  35|0x00000000a4f00000, 0x00000000a5000000, 0x00000000a5000000|100%| O|  |TAMS 0x00000000a4f00000| PB 0x00000000a4f00000| Untracked 
|  36|0x00000000a5000000, 0x00000000a5100000, 0x00000000a5100000|100%| O|  |TAMS 0x00000000a5000000| PB 0x00000000a5000000| Untracked 
|  37|0x00000000a5100000, 0x00000000a5100000, 0x00000000a5200000|  0%| F|  |TAMS 0x00000000a5100000| PB 0x00000000a5100000| Untracked 
|  38|0x00000000a5200000, 0x00000000a52e0dc0, 0x00000000a5300000| 87%| E|  |TAMS 0x00000000a5200000| PB 0x00000000a5200000| Complete 
|  39|0x00000000a5300000, 0x00000000a5400000, 0x00000000a5400000|100%| E|CS|TAMS 0x00000000a5300000| PB 0x00000000a5300000| Complete 
|  40|0x00000000a5400000, 0x00000000a5500000, 0x00000000a5500000|100%| E|CS|TAMS 0x00000000a5400000| PB 0x00000000a5400000| Complete 
|  41|0x00000000a5500000, 0x00000000a5600000, 0x00000000a5600000|100%| E|CS|TAMS 0x00000000a5500000| PB 0x00000000a5500000| Complete 
|  42|0x00000000a5600000, 0x00000000a5700000, 0x00000000a5700000|100%| E|CS|TAMS 0x00000000a5600000| PB 0x00000000a5600000| Complete 
|  43|0x00000000a5700000, 0x00000000a5800000, 0x00000000a5800000|100%| E|CS|TAMS 0x00000000a5700000| PB 0x00000000a5700000| Complete 
|  44|0x00000000a5800000, 0x00000000a5900000, 0x00000000a5900000|100%| E|CS|TAMS 0x00000000a5800000| PB 0x00000000a5800000| Complete 
|  45|0x00000000a5900000, 0x00000000a5a00000, 0x00000000a5a00000|100%| E|CS|TAMS 0x00000000a5900000| PB 0x00000000a5900000| Complete 
|  46|0x00000000a5a00000, 0x00000000a5b00000, 0x00000000a5b00000|100%| E|CS|TAMS 0x00000000a5a00000| PB 0x00000000a5a00000| Complete 
|  47|0x00000000a5b00000, 0x00000000a5c00000, 0x00000000a5c00000|100%| E|CS|TAMS 0x00000000a5b00000| PB 0x00000000a5b00000| Complete 
|  48|0x00000000a5c00000, 0x00000000a5d00000, 0x00000000a5d00000|100%| E|CS|TAMS 0x00000000a5c00000| PB 0x00000000a5c00000| Complete 
|  49|0x00000000a5d00000, 0x00000000a5e00000, 0x00000000a5e00000|100%| E|CS|TAMS 0x00000000a5d00000| PB 0x00000000a5d00000| Complete 
|  50|0x00000000a5e00000, 0x00000000a5f00000, 0x00000000a5f00000|100%| E|CS|TAMS 0x00000000a5e00000| PB 0x00000000a5e00000| Complete 
|  51|0x00000000a5f00000, 0x00000000a6000000, 0x00000000a6000000|100%| E|CS|TAMS 0x00000000a5f00000| PB 0x00000000a5f00000| Complete 
|  52|0x00000000a6000000, 0x00000000a6100000, 0x00000000a6100000|100%| E|CS|TAMS 0x00000000a6000000| PB 0x00000000a6000000| Complete 
|  53|0x00000000a6100000, 0x00000000a6200000, 0x00000000a6200000|100%| E|CS|TAMS 0x00000000a6100000| PB 0x00000000a6100000| Complete 
|  54|0x00000000a6200000, 0x00000000a6300000, 0x00000000a6300000|100%| E|CS|TAMS 0x00000000a6200000| PB 0x00000000a6200000| Complete 
|  55|0x00000000a6300000, 0x00000000a6400000, 0x00000000a6400000|100%| E|CS|TAMS 0x00000000a6300000| PB 0x00000000a6300000| Complete 
|  56|0x00000000a6400000, 0x00000000a6500000, 0x00000000a6500000|100%| E|CS|TAMS 0x00000000a6400000| PB 0x00000000a6400000| Complete 
|  57|0x00000000a6500000, 0x00000000a6600000, 0x00000000a6600000|100%| E|CS|TAMS 0x00000000a6500000| PB 0x00000000a6500000| Complete 
|  58|0x00000000a6600000, 0x00000000a6700000, 0x00000000a6700000|100%| E|CS|TAMS 0x00000000a6600000| PB 0x00000000a6600000| Complete 
|  59|0x00000000a6700000, 0x00000000a6800000, 0x00000000a6800000|100%| E|CS|TAMS 0x00000000a6700000| PB 0x00000000a6700000| Complete 
|  60|0x00000000a6800000, 0x00000000a6900000, 0x00000000a6900000|100%| E|CS|TAMS 0x00000000a6800000| PB 0x00000000a6800000| Complete 
|  61|0x00000000a6900000, 0x00000000a6a00000, 0x00000000a6a00000|100%| E|CS|TAMS 0x00000000a6900000| PB 0x00000000a6900000| Complete 
|  62|0x00000000a6a00000, 0x00000000a6b00000, 0x00000000a6b00000|100%| E|CS|TAMS 0x00000000a6a00000| PB 0x00000000a6a00000| Complete 
|  93|0x00000000a8900000, 0x00000000a8a00000, 0x00000000a8a00000|100%| E|CS|TAMS 0x00000000a8900000| PB 0x00000000a8900000| Complete 

Card table byte_map: [0x0000020ef8f10000,0x0000020ef9200000] _byte_map_base: 0x0000020ef89fa000

Marking Bits: (CMBitMap*) 0x0000020eed6d35e0
 Bits: [0x0000020ef9200000, 0x0000020efa950000)

Polling page: 0x0000020eeb5b0000

Metaspace:

Usage:
  Non-class:     67.46 MB used.
      Class:     10.92 MB used.
       Both:     78.38 MB used.

Virtual space:
  Non-class space:      128.00 MB reserved,      67.88 MB ( 53%) committed,  2 nodes.
      Class space:        1.00 GB reserved,      11.25 MB (  1%) committed,  1 nodes.
             Both:        1.12 GB reserved,      79.12 MB (  7%) committed. 

Chunk freelists:
   Non-Class:  12.24 MB
       Class:  4.63 MB
        Both:  16.86 MB

MaxMetaspaceSize: unlimited
CompressedClassSpaceSize: 1.00 GB
Initial GC threshold: 21.00 MB
Current GC threshold: 131.69 MB
CDS: on
 - commit_granule_bytes: 65536.
 - commit_granule_words: 8192.
 - virtual_space_node_default_size: 8388608.
 - enlarge_chunks_in_place: 1.
 - use_allocation_guard: 0.


Internal statistics:

num_allocs_failed_limit: 11.
num_arena_births: 1566.
num_arena_deaths: 710.
num_vsnodes_births: 3.
num_vsnodes_deaths: 0.
num_space_committed: 1266.
num_space_uncommitted: 0.
num_chunks_returned_to_freelist: 828.
num_chunks_taken_from_freelist: 4604.
num_chunk_merges: 169.
num_chunk_splits: 3054.
num_chunks_enlarged: 2361.
num_inconsistent_stats: 0.

CodeCache: size=49152Kb used=13198Kb max_used=14277Kb free=35953Kb
 bounds [0x0000020ef5b10000, 0x0000020ef69f0000, 0x0000020ef8b10000]
 total_blobs=7669 nmethods=6899 adapters=693
 compilation: enabled
              stopped_count=0, restarted_count=0
 full_count=0

Compilation events (20 events):
Event: 5353.424 Thread 0x0000020efd374e20 9479       1       org.apache.tomcat.util.net.Acceptor::getState (5 bytes)
Event: 5353.428 Thread 0x0000020efd374e20 nmethod 9479 0x0000020ef67a2510 code [0x0000020ef67a26a0, 0x0000020ef67a2768]
Event: 5353.446 Thread 0x0000020efd374e20 9480       1       java.time.Instant::getNano (5 bytes)
Event: 5353.447 Thread 0x0000020efd374e20 nmethod 9480 0x0000020ef67a2210 code [0x0000020ef67a23a0, 0x0000020ef67a2468]
Event: 5353.613 Thread 0x0000020efd374e20 9481   !   1       org.springframework.beans.factory.support.DefaultSingletonBeanRegistry::destroyBean (349 bytes)
Event: 5353.652 Thread 0x0000020efd374e20 nmethod 9481 0x0000020ef67a0a90 code [0x0000020ef67a0e20, 0x0000020ef67a1a60]
Event: 5353.842 Thread 0x0000020efd374e20 9482       1       java.time.LocalTime::getLong (50 bytes)
Event: 5353.850 Thread 0x0000020efd374e20 nmethod 9482 0x0000020ef67a0510 code [0x0000020ef67a0700, 0x0000020ef67a0970]
Event: 5353.850 Thread 0x0000020efd374e20 9483       1       java.time.LocalTime::get0 (282 bytes)
Event: 5353.868 Thread 0x0000020efd374e20 nmethod 9483 0x0000020ef679f590 code [0x0000020ef679f860, 0x0000020ef67a0140]
Event: 5354.084 Thread 0x0000020efd374e20 9484       1       java.time.temporal.ChronoField::checkValidValue (10 bytes)
Event: 5354.088 Thread 0x0000020efd374e20 nmethod 9484 0x0000020ef679f090 code [0x0000020ef679f240, 0x0000020ef679f430]
Event: 5354.088 Thread 0x0000020efd374e20 9485       1       java.time.temporal.ValueRange::checkValidValue (24 bytes)
Event: 5354.089 Thread 0x0000020efd374e20 nmethod 9485 0x0000020ef679ec10 code [0x0000020ef679edc0, 0x0000020ef679efa8]
Event: 5354.410 Thread 0x0000020efd374e20 9486       1       sun.nio.ch.Net::getSocketOption (143 bytes)
Event: 5354.463 Thread 0x0000020efd374e20 nmethod 9486 0x0000020ef679e010 code [0x0000020ef679e260, 0x0000020ef679e900]
Event: 5354.658 Thread 0x0000020efd374e20 9490       1       java.net.Socket::isOutputShutdown (14 bytes)
Event: 5354.658 Thread 0x0000020efd374e20 nmethod 9490 0x0000020ef679dd10 code [0x0000020ef679dea0, 0x0000020ef679df60]
Event: 5355.061 Thread 0x0000020efd374e20 9491       1       org.apache.tomcat.util.collections.ManagedConcurrentWeakHashMap$Key::hashCode (5 bytes)
Event: 5355.061 Thread 0x0000020efd374e20 nmethod 9491 0x0000020ef679da10 code [0x0000020ef679dba0, 0x0000020ef679dc68]

GC Heap History (20 events):
Event: 1109.866 GC heap after
{Heap after GC invocations=34 (full 1):
 garbage-first heap   total 63488K, used 32811K [0x00000000a2c00000, 0x0000000100000000)
  region size 1024K, 3 young (3072K), 3 survivors (3072K)
 Metaspace       used 80081K, committed 80832K, reserved 1179648K
  class space    used 11157K, committed 11520K, reserved 1048576K
}
Event: 1110.203 GC heap before
{Heap before GC invocations=34 (full 1):
 garbage-first heap   total 63488K, used 53291K [0x00000000a2c00000, 0x0000000100000000)
  region size 1024K, 23 young (23552K), 3 survivors (3072K)
 Metaspace       used 80156K, committed 80896K, reserved 1179648K
  class space    used 11172K, committed 11520K, reserved 1048576K
}
Event: 1110.207 GC heap after
{Heap after GC invocations=35 (full 1):
 garbage-first heap   total 63488K, used 34204K [0x00000000a2c00000, 0x0000000100000000)
  region size 1024K, 2 young (2048K), 2 survivors (2048K)
 Metaspace       used 80156K, committed 80896K, reserved 1179648K
  class space    used 11172K, committed 11520K, reserved 1048576K
}
Event: 1169.554 GC heap before
{Heap before GC invocations=36 (full 1):
 garbage-first heap   total 65536K, used 54684K [0x00000000a2c00000, 0x0000000100000000)
  region size 1024K, 22 young (22528K), 2 survivors (2048K)
 Metaspace       used 80200K, committed 80960K, reserved 1179648K
  class space    used 11184K, committed 11520K, reserved 1048576K
}
Event: 1169.665 GC heap after
{Heap after GC invocations=37 (full 1):
 garbage-first heap   total 65536K, used 35426K [0x00000000a2c00000, 0x0000000100000000)
  region size 1024K, 3 young (3072K), 3 survivors (3072K)
 Metaspace       used 80200K, committed 80960K, reserved 1179648K
  class space    used 11184K, committed 11520K, reserved 1048576K
}
Event: 1633.390 GC heap before
{Heap before GC invocations=37 (full 1):
 garbage-first heap   total 65536K, used 55906K [0x00000000a2c00000, 0x0000000100000000)
  region size 1024K, 23 young (23552K), 3 survivors (3072K)
 Metaspace       used 80210K, committed 80960K, reserved 1179648K
  class space    used 11185K, committed 11520K, reserved 1048576K
}
Event: 1633.545 GC heap after
{Heap after GC invocations=38 (full 1):
 garbage-first heap   total 65536K, used 35258K [0x00000000a2c00000, 0x0000000100000000)
  region size 1024K, 2 young (2048K), 2 survivors (2048K)
 Metaspace       used 80210K, committed 80960K, reserved 1179648K
  class space    used 11185K, committed 11520K, reserved 1048576K
}
Event: 2147.764 GC heap before
{Heap before GC invocations=38 (full 1):
 garbage-first heap   total 65536K, used 57786K [0x00000000a2c00000, 0x0000000100000000)
  region size 1024K, 24 young (24576K), 2 survivors (2048K)
 Metaspace       used 80210K, committed 80960K, reserved 1179648K
  class space    used 11185K, committed 11520K, reserved 1048576K
}
Event: 2147.902 GC heap after
{Heap after GC invocations=39 (full 1):
 garbage-first heap   total 65536K, used 35322K [0x00000000a2c00000, 0x0000000100000000)
  region size 1024K, 2 young (2048K), 2 survivors (2048K)
 Metaspace       used 80210K, committed 80960K, reserved 1179648K
  class space    used 11185K, committed 11520K, reserved 1048576K
}
Event: 2618.699 GC heap before
{Heap before GC invocations=40 (full 1):
 garbage-first heap   total 65536K, used 57850K [0x00000000a2c00000, 0x0000000100000000)
  region size 1024K, 24 young (24576K), 2 survivors (2048K)
 Metaspace       used 80021K, committed 80960K, reserved 1179648K
  class space    used 11136K, committed 11520K, reserved 1048576K
}
Event: 2618.783 GC heap after
{Heap after GC invocations=41 (full 1):
 garbage-first heap   total 65536K, used 35030K [0x00000000a2c00000, 0x0000000100000000)
  region size 1024K, 2 young (2048K), 2 survivors (2048K)
 Metaspace       used 80021K, committed 80960K, reserved 1179648K
  class space    used 11136K, committed 11520K, reserved 1048576K
}
Event: 3045.443 GC heap before
{Heap before GC invocations=41 (full 1):
 garbage-first heap   total 65536K, used 57558K [0x00000000a2c00000, 0x0000000100000000)
  region size 1024K, 24 young (24576K), 2 survivors (2048K)
 Metaspace       used 80023K, committed 80960K, reserved 1179648K
  class space    used 11137K, committed 11520K, reserved 1048576K
}
Event: 3045.605 GC heap after
{Heap after GC invocations=42 (full 1):
 garbage-first heap   total 65536K, used 31535K [0x00000000a2c00000, 0x0000000100000000)
  region size 1024K, 2 young (2048K), 2 survivors (2048K)
 Metaspace       used 80023K, committed 80960K, reserved 1179648K
  class space    used 11137K, committed 11520K, reserved 1048576K
}
Event: 3664.798 GC heap before
{Heap before GC invocations=42 (full 1):
 garbage-first heap   total 65536K, used 57135K [0x00000000a2c00000, 0x0000000100000000)
  region size 1024K, 28 young (28672K), 2 survivors (2048K)
 Metaspace       used 80023K, committed 80960K, reserved 1179648K
  class space    used 11137K, committed 11520K, reserved 1048576K
}
Event: 3664.905 GC heap after
{Heap after GC invocations=43 (full 1):
 garbage-first heap   total 65536K, used 30621K [0x00000000a2c00000, 0x0000000100000000)
  region size 1024K, 2 young (2048K), 2 survivors (2048K)
 Metaspace       used 80023K, committed 80960K, reserved 1179648K
  class space    used 11137K, committed 11520K, reserved 1048576K
}
Event: 4260.826 GC heap before
{Heap before GC invocations=43 (full 1):
 garbage-first heap   total 65536K, used 58269K [0x00000000a2c00000, 0x0000000100000000)
  region size 1024K, 29 young (29696K), 2 survivors (2048K)
 Metaspace       used 80024K, committed 80960K, reserved 1179648K
  class space    used 11137K, committed 11520K, reserved 1048576K
}
Event: 4260.946 GC heap after
{Heap after GC invocations=44 (full 1):
 garbage-first heap   total 65536K, used 30552K [0x00000000a2c00000, 0x0000000100000000)
  region size 1024K, 2 young (2048K), 2 survivors (2048K)
 Metaspace       used 80024K, committed 80960K, reserved 1179648K
  class space    used 11137K, committed 11520K, reserved 1048576K
}
Event: 4801.239 GC heap before
{Heap before GC invocations=45 (full 1):
 garbage-first heap   total 65536K, used 58200K [0x00000000a2c00000, 0x0000000100000000)
  region size 1024K, 29 young (29696K), 2 survivors (2048K)
 Metaspace       used 80024K, committed 80960K, reserved 1179648K
  class space    used 11137K, committed 11520K, reserved 1048576K
}
Event: 4801.409 GC heap after
{Heap after GC invocations=46 (full 1):
 garbage-first heap   total 65536K, used 30609K [0x00000000a2c00000, 0x0000000100000000)
  region size 1024K, 2 young (2048K), 2 survivors (2048K)
 Metaspace       used 80024K, committed 80960K, reserved 1179648K
  class space    used 11137K, committed 11520K, reserved 1048576K
}
Event: 5355.209 GC heap before
{Heap before GC invocations=46 (full 1):
 garbage-first heap   total 65536K, used 56209K [0x00000000a2c00000, 0x0000000100000000)
  region size 1024K, 28 young (28672K), 2 survivors (2048K)
 Metaspace       used 80262K, committed 81024K, reserved 1179648K
  class space    used 11180K, committed 11520K, reserved 1048576K
}

Dll operation events (9 events):
Event: 0.055 Loaded shared library D:\jdk-21.0.7\bin\java.dll
Event: 0.581 Loaded shared library D:\jdk-21.0.7\bin\jimage.dll
Event: 0.619 Loaded shared library D:\jdk-21.0.7\bin\net.dll
Event: 0.631 Loaded shared library D:\jdk-21.0.7\bin\nio.dll
Event: 0.645 Loaded shared library D:\jdk-21.0.7\bin\zip.dll
Event: 0.944 Loaded shared library D:\jdk-21.0.7\bin\management.dll
Event: 0.997 Loaded shared library D:\jdk-21.0.7\bin\management_ext.dll
Event: 2.063 Loaded shared library D:\jdk-21.0.7\bin\extnet.dll
Event: 5.576 Loaded shared library D:\jdk-21.0.7\bin\sunmscapi.dll

Deoptimization events (2 events):
Event: 8.900 Thread 0x0000020efe58fcf0 DEOPT PACKING pc=0x0000020ef62ad30c sp=0x000000f20d2fba90
Event: 8.900 Thread 0x0000020efe58fcf0 DEOPT UNPACKING pc=0x0000020ef5b64e42 sp=0x000000f20d2faf50 mode 0

Classes loaded (20 events):
Event: 1098.977 Loading class sun/security/ssl/Alert$AlertConsumer
Event: 1099.014 Loading class sun/security/ssl/Alert$AlertConsumer done
Event: 1099.014 Loading class sun/security/ssl/Alert$Level
Event: 1099.023 Loading class sun/security/ssl/Alert$Level done
Event: 1101.960 Loading class java/nio/file/FileVisitor
Event: 1101.968 Loading class java/nio/file/FileVisitor done
Event: 1101.990 Loading class java/nio/file/SimpleFileVisitor
Event: 1101.996 Loading class java/nio/file/SimpleFileVisitor done
Event: 1102.014 Loading class java/nio/file/Files$3
Event: 1102.024 Loading class java/nio/file/Files$3 done
Event: 1102.025 Loading class java/nio/file/FileVisitResult
Event: 1102.028 Loading class java/nio/file/FileVisitResult done
Event: 1102.518 Loading class java/lang/ref/Finalizer$2
Event: 1102.520 Loading class java/lang/ref/Finalizer$2 done
Event: 1102.521 Loading class java/lang/ref/Finalizer$1
Event: 1102.525 Loading class java/lang/ref/Finalizer$1 done
Event: 1105.458 Loading class java/time/DurationEditor
Event: 1105.458 Loading class java/time/DurationEditor done
Event: 5045.654 Loading class sun/net/ConnectionResetException
Event: 5045.673 Loading class sun/net/ConnectionResetException done

Classes unloaded (20 events):
Event: 2148.204 Thread 0x0000020efd33d040 Unloading class 0x0000020e8148d800 'java/lang/invoke/LambdaForm$MH+0x0000020e8148d800'
Event: 2148.204 Thread 0x0000020efd33d040 Unloading class 0x0000020e8148c800 'java/lang/invoke/LambdaForm$MH+0x0000020e8148c800'
Event: 2148.205 Thread 0x0000020efd33d040 Unloading class 0x0000020e81471c00 'java/lang/invoke/LambdaForm$MH+0x0000020e81471c00'
Event: 2148.205 Thread 0x0000020efd33d040 Unloading class 0x0000020e81471800 'java/lang/invoke/LambdaForm$MH+0x0000020e81471800'
Event: 2148.205 Thread 0x0000020efd33d040 Unloading class 0x0000020e81470400 'java/lang/invoke/LambdaForm$MH+0x0000020e81470400'
Event: 2148.205 Thread 0x0000020efd33d040 Unloading class 0x0000020e8146dc00 'java/lang/invoke/LambdaForm$MH+0x0000020e8146dc00'
Event: 2148.206 Thread 0x0000020efd33d040 Unloading class 0x0000020e8146d000 'java/lang/invoke/LambdaForm$MH+0x0000020e8146d000'
Event: 2148.207 Thread 0x0000020efd33d040 Unloading class 0x0000020e81a65000 'org/apache/catalina/loader/JdbcLeakPrevention'
Event: 2148.207 Thread 0x0000020efd33d040 Unloading class 0x0000020e81434c00 'java/lang/invoke/LambdaForm$MH+0x0000020e81434c00'
Event: 2148.208 Thread 0x0000020efd33d040 Unloading class 0x0000020e81418c00 'java/lang/invoke/LambdaForm$MH+0x0000020e81418c00'
Event: 2148.209 Thread 0x0000020efd33d040 Unloading class 0x0000020e81418400 'java/lang/invoke/LambdaForm$MH+0x0000020e81418400'
Event: 2148.209 Thread 0x0000020efd33d040 Unloading class 0x0000020e81411000 'java/lang/invoke/LambdaForm$MH+0x0000020e81411000'
Event: 2148.209 Thread 0x0000020efd33d040 Unloading class 0x0000020e81410800 'java/lang/invoke/LambdaForm$MH+0x0000020e81410800'
Event: 2148.210 Thread 0x0000020efd33d040 Unloading class 0x0000020e813fc400 'java/lang/invoke/LambdaForm$MH+0x0000020e813fc400'
Event: 2148.211 Thread 0x0000020efd33d040 Unloading class 0x0000020e813f0800 'java/lang/invoke/LambdaForm$MH+0x0000020e813f0800'
Event: 2148.211 Thread 0x0000020efd33d040 Unloading class 0x0000020e813cc400 'java/lang/invoke/LambdaForm$MH+0x0000020e813cc400'
Event: 2148.211 Thread 0x0000020efd33d040 Unloading class 0x0000020e811b1400 'java/lang/invoke/LambdaForm$MH+0x0000020e811b1400'
Event: 2148.212 Thread 0x0000020efd33d040 Unloading class 0x0000020e8110b400 'java/lang/invoke/LambdaForm$MH+0x0000020e8110b400'
Event: 2148.213 Thread 0x0000020efd33d040 Unloading class 0x0000020e8110b000 'java/lang/invoke/LambdaForm$MH+0x0000020e8110b000'
Event: 2148.213 Thread 0x0000020efd33d040 Unloading class 0x0000020e81000400 'java/lang/invoke/LambdaForm$MH+0x0000020e81000400'

Classes redefined (0 events):
No events

Internal exceptions (20 events):
Event: 23.008 Thread 0x0000020efe58fcf0 Exception <a 'java/lang/NoSuchMethodError'{0x00000000a564ce58}: 'java.lang.Object java.lang.invoke.DirectMethodHandle$Holder.newInvokeSpecial(java.lang.Object, java.lang.Object, int, java.lang.Object, java.lang.Object)'> (0x00000000a564ce58) 
thrown [s\open\src\hotspot\share\interpreter\linkResolver.cpp, line 773]
Event: 76.441 Thread 0x0000020ec683d3e0 Exception <a 'java/lang/NoSuchMethodError'{0x00000000a62e4c98}: 'java.lang.Object java.lang.invoke.DirectMethodHandle$Holder.invokeStatic(java.lang.Object, java.lang.Object, java.lang.Object, int, int)'> (0x00000000a62e4c98) 
thrown [s\open\src\hotspot\share\interpreter\linkResolver.cpp, line 773]
Event: 76.451 Thread 0x0000020ec683d3e0 Exception <a 'java/lang/NoSuchMethodError'{0x00000000a62e8458}: 'java.lang.Object java.lang.invoke.DirectMethodHandle$Holder.invokeStaticInit(java.lang.Object, java.lang.Object, java.lang.Object, int, int)'> (0x00000000a62e8458) 
thrown [s\open\src\hotspot\share\interpreter\linkResolver.cpp, line 773]
Event: 76.856 Thread 0x0000020ec6838520 Exception <a 'java/lang/NoSuchMethodError'{0x00000000a60227e8}: 'java.lang.Object java.lang.invoke.DirectMethodHandle$Holder.invokeSpecial(java.lang.Object, java.lang.Object, java.lang.Object, java.lang.Object, java.lang.Object, long)'> (0x00000000a60227e8) 
thrown [s\open\src\hotspot\share\interpreter\linkResolver.cpp, line 773]
Event: 76.857 Thread 0x0000020ec6838520 Exception <a 'java/lang/NoSuchMethodError'{0x00000000a6025fb8}: 'java.lang.Object java.lang.invoke.Invokers$Holder.linkToTargetMethod(java.lang.Object, java.lang.Object, java.lang.Object, long, java.lang.Object)'> (0x00000000a6025fb8) 
thrown [s\open\src\hotspot\share\interpreter\linkResolver.cpp, line 773]
Event: 77.729 Thread 0x0000020ec6838520 Exception <a 'java/lang/NoSuchMethodError'{0x00000000a5d9a438}: 'java.lang.Object java.lang.invoke.DirectMethodHandle$Holder.invokeStatic(java.lang.Object, int, int)'> (0x00000000a5d9a438) 
thrown [s\open\src\hotspot\share\interpreter\linkResolver.cpp, line 773]
Event: 602.959 Thread 0x0000020efdfda150 Exception <a 'java/lang/NoSuchMethodError'{0x00000000a68db098}: static [B.<clinit>()V> (0x00000000a68db098) 
thrown [s\open\src\hotspot\share\prims\jni.cpp, line 1111]
Event: 1096.197 Thread 0x0000020ec683cd50 Exception <a 'java/lang/NoSuchMethodError'{0x00000000a6143398}: 'java.lang.Object java.lang.invoke.DirectMethodHandle$Holder.newInvokeSpecial(java.lang.Object, java.lang.Object, java.lang.Object, java.lang.Object, int)'> (0x00000000a6143398) 
thrown [s\open\src\hotspot\share\interpreter\linkResolver.cpp, line 773]
Event: 1096.217 Thread 0x0000020ec683cd50 Exception <a 'java/lang/NoSuchMethodError'{0x00000000a6147018}: 'java.lang.Object java.lang.invoke.DirectMethodHandle$Holder.invokeSpecial(java.lang.Object, java.lang.Object, java.lang.Object, java.lang.Object, java.lang.Object, int)'> (0x00000000a6147018) 
thrown [s\open\src\hotspot\share\interpreter\linkResolver.cpp, line 773]
Event: 1096.223 Thread 0x0000020ec683cd50 Exception <a 'java/lang/NoSuchMethodError'{0x00000000a614a628}: 'java.lang.Object java.lang.invoke.Invokers$Holder.linkToTargetMethod(java.lang.Object, java.lang.Object, java.lang.Object, int, java.lang.Object)'> (0x00000000a614a628) 
thrown [s\open\src\hotspot\share\interpreter\linkResolver.cpp, line 773]
Event: 1101.813 Thread 0x0000020efe58e2b0 Exception <a 'java/lang/InterruptedException'{0x00000000a60ba588}: sleep interrupted> (0x00000000a60ba588) 
thrown [s\open\src\hotspot\share\prims\jvm.cpp, line 3074]
Event: 1102.683 Thread 0x0000020ec6837170 Exception <a 'sun/nio/fs/WindowsException'{0x00000000a89eab18}> (0x00000000a89eab18) 
thrown [s\open\src\hotspot\share\prims\jni.cpp, line 520]
Event: 1104.777 Thread 0x0000020ec6837170 Exception <a 'java/lang/NoSuchMethodError'{0x00000000a4b2b5b8}: 'void java.lang.invoke.DelegatingMethodHandle$Holder.reinvoke_L(java.lang.Object, java.lang.Object, int)'> (0x00000000a4b2b5b8) 
thrown [s\open\src\hotspot\share\interpreter\linkResolver.cpp, line 773]
Event: 1106.126 Thread 0x0000020ec6837170 Exception <a 'java/lang/NoSuchMethodError'{0x00000000a6257ca8}: 'int java.lang.invoke.DirectMethodHandle$Holder.invokeVirtual(java.lang.Object, java.lang.Object, java.lang.Object, java.lang.Object)'> (0x00000000a6257ca8) 
thrown [s\open\src\hotspot\share\interpreter\linkResolver.cpp, line 773]
Event: 1106.126 Thread 0x0000020ec6837170 Exception <a 'java/lang/NoSuchMethodError'{0x00000000a625b280}: 'int java.lang.invoke.DelegatingMethodHandle$Holder.reinvoke_L(java.lang.Object, java.lang.Object, java.lang.Object, java.lang.Object)'> (0x00000000a625b280) 
thrown [s\open\src\hotspot\share\interpreter\linkResolver.cpp, line 773]
Event: 1106.160 Thread 0x0000020ec6837170 Exception <a 'java/io/FileNotFoundException'{0x00000000a62a75c8}> (0x00000000a62a75c8) 
thrown [s\open\src\hotspot\share\prims\jni.cpp, line 520]
Event: 1109.802 Thread 0x0000020ec6837170 Exception <a 'java/io/FileNotFoundException'{0x00000000a58d6b00}> (0x00000000a58d6b00) 
thrown [s\open\src\hotspot\share\prims\jni.cpp, line 520]
Event: 1202.933 Thread 0x0000020efdfda150 Exception <a 'java/lang/NoSuchMethodError'{0x00000000a6aa7480}: static [B.<clinit>()V> (0x00000000a6aa7480) 
thrown [s\open\src\hotspot\share\prims\jni.cpp, line 1111]
Event: 5045.652 Thread 0x0000020ec683b9a0 Exception <a 'java/io/IOException'{0x00000000a6074f60}> (0x00000000a6074f60) 
thrown [s\open\src\hotspot\share\prims\jni.cpp, line 520]
Event: 5355.164 Thread 0x0000020ec683ac80 Exception <a 'java/lang/InterruptedException'{0x00000000a52c4108}: sleep interrupted> (0x00000000a52c4108) 
thrown [s\open\src\hotspot\share\prims\jvm.cpp, line 3074]

ZGC Phase Switch (0 events):
No events

VM Operations (20 events):
Event: 4566.753 Executing VM operation: Cleanup done
Event: 4667.760 Executing VM operation: Cleanup
Event: 4667.766 Executing VM operation: Cleanup done
Event: 4801.223 Executing VM operation: G1CollectForAllocation (G1 Evacuation Pause)
Event: 4801.410 Executing VM operation: G1CollectForAllocation (G1 Evacuation Pause) done
Event: 5043.782 Executing VM operation: Cleanup
Event: 5043.786 Executing VM operation: Cleanup done
Event: 5045.798 Executing VM operation: Cleanup
Event: 5045.799 Executing VM operation: Cleanup done
Event: 5064.969 Executing VM operation: Cleanup
Event: 5065.138 Executing VM operation: Cleanup done
Event: 5317.573 Executing VM operation: Cleanup
Event: 5317.591 Executing VM operation: Cleanup done
Event: 5354.023 Executing VM operation: HandshakeAllThreads (HandshakeForDeflation)
Event: 5354.026 Executing VM operation: HandshakeAllThreads (HandshakeForDeflation) done
Event: 5354.026 Executing VM operation: Cleanup
Event: 5354.028 Executing VM operation: Cleanup done
Event: 5354.028 Executing VM operation: RendezvousGCThreads
Event: 5354.028 Executing VM operation: RendezvousGCThreads done
Event: 5355.206 Executing VM operation: G1CollectFull (System.gc())

Events (20 events):
Event: 5352.631 Thread 0x0000020efe58cf00 Thread added: 0x0000020efe58cf00
Event: 5353.438 Thread 0x0000020efe58e2b0 Thread exited: 0x0000020efe58e2b0
Event: 5353.447 Thread 0x0000020efe58cf00 Thread exited: 0x0000020efe58cf00
Event: 5353.478 Thread 0x0000020efe58efd0 Thread exited: 0x0000020efe58efd0
Event: 5353.500 Thread 0x0000020ec683e100 Thread exited: 0x0000020ec683e100
Event: 5353.502 Thread 0x0000020ec6838bb0 Thread exited: 0x0000020ec6838bb0
Event: 5353.503 Thread 0x0000020ec683e790 Thread exited: 0x0000020ec683e790
Event: 5353.503 Thread 0x0000020ec683d3e0 Thread exited: 0x0000020ec683d3e0
Event: 5353.504 Thread 0x0000020ec683c030 Thread exited: 0x0000020ec683c030
Event: 5353.504 Thread 0x0000020efe58e940 Thread exited: 0x0000020efe58e940
Event: 5353.505 Thread 0x0000020ec683da70 Thread exited: 0x0000020ec683da70
Event: 5353.512 Thread 0x0000020ec6838520 Thread exited: 0x0000020ec6838520
Event: 5353.515 Thread 0x0000020ec683b310 Thread exited: 0x0000020ec683b310
Event: 5353.515 Thread 0x0000020ec683b9a0 Thread exited: 0x0000020ec683b9a0
Event: 5354.136 Thread 0x0000020efe58cf00 Thread added: 0x0000020efe58cf00
Event: 5354.142 Thread 0x0000020ec6839240 Thread exited: 0x0000020ec6839240
Event: 5355.011 Thread 0x0000020efe58cf00 Thread exited: 0x0000020efe58cf00
Event: 5355.162 Thread 0x0000020ec6839f60 Thread exited: 0x0000020ec6839f60
Event: 5355.163 Thread 0x0000020ec683a5f0 Thread exited: 0x0000020ec683a5f0
Event: 5355.164 Thread 0x0000020ec683ac80 Thread exited: 0x0000020ec683ac80


Dynamic libraries:
0x00007ff733440000 - 0x00007ff733450000 	D:\jdk-21.0.7\bin\javaw.exe
0x00007ff9f06a0000 - 0x00007ff9f0906000 	C:\WINDOWS\SYSTEM32\ntdll.dll
0x00007ff9ee730000 - 0x00007ff9ee7f9000 	C:\WINDOWS\System32\KERNEL32.DLL
0x00007ff9eddd0000 - 0x00007ff9ee1d0000 	C:\WINDOWS\System32\KERNELBASE.dll
0x00007ff9eda40000 - 0x00007ff9edb8c000 	C:\WINDOWS\System32\ucrtbase.dll
0x00007ff9d4210000 - 0x00007ff9d4229000 	D:\jdk-21.0.7\bin\jli.dll
0x00007ff9d3ed0000 - 0x00007ff9d3eeb000 	D:\jdk-21.0.7\bin\VCRUNTIME140.dll
0x00007ff9ee540000 - 0x00007ff9ee5f7000 	C:\WINDOWS\System32\ADVAPI32.dll
0x00007ff9f0080000 - 0x00007ff9f0129000 	C:\WINDOWS\System32\msvcrt.dll
0x00007ff9ee600000 - 0x00007ff9ee6aa000 	C:\WINDOWS\System32\sechost.dll
0x00007ff9eff60000 - 0x00007ff9f0078000 	C:\WINDOWS\System32\RPCRT4.dll
0x00007ff9efa70000 - 0x00007ff9efc37000 	C:\WINDOWS\System32\USER32.dll
0x00007ff9d5ad0000 - 0x00007ff9d5d62000 	C:\WINDOWS\WinSxS\amd64_microsoft.windows.common-controls_6595b64144ccf1df_6.0.26100.8737_none_3e092eaee333b772\COMCTL32.dll
0x00007ff9ee270000 - 0x00007ff9ee297000 	C:\WINDOWS\System32\win32u.dll
0x00007ff9ef1e0000 - 0x00007ff9ef20b000 	C:\WINDOWS\System32\GDI32.dll
0x00007ff9ee2a0000 - 0x00007ff9ee3c9000 	C:\WINDOWS\System32\gdi32full.dll
0x00007ff9edba0000 - 0x00007ff9edc43000 	C:\WINDOWS\System32\msvcp_win.dll
0x00007ff9e0050000 - 0x00007ff9e005b000 	C:\WINDOWS\SYSTEM32\VERSION.dll
0x00007ff9efe90000 - 0x00007ff9efec2000 	C:\WINDOWS\System32\IMM32.DLL
0x00007ff9e2a00000 - 0x00007ff9e2a0c000 	D:\jdk-21.0.7\bin\vcruntime140_1.dll
0x00007ff94b5b0000 - 0x00007ff94b63e000 	D:\jdk-21.0.7\bin\msvcp140.dll
0x00007ff8f4120000 - 0x00007ff8f4e3a000 	D:\jdk-21.0.7\bin\server\jvm.dll
0x00007ff9ed720000 - 0x00007ff9ed77e000 	C:\WINDOWS\SYSTEM32\POWRPROF.dll
0x00007ff9efed0000 - 0x00007ff9eff50000 	C:\WINDOWS\System32\WS2_32.dll
0x00007ff9e2fa0000 - 0x00007ff9e2fd6000 	C:\WINDOWS\SYSTEM32\WINMM.dll
0x00007ff9ed700000 - 0x00007ff9ed714000 	C:\WINDOWS\SYSTEM32\UMPDC.dll
0x00007ff9ec5a0000 - 0x00007ff9ec5bb000 	C:\WINDOWS\SYSTEM32\kernel.appcore.dll
0x00007ff9d4fd0000 - 0x00007ff9d4fda000 	D:\jdk-21.0.7\bin\jimage.dll
0x00007ff9eaee0000 - 0x00007ff9eb122000 	C:\WINDOWS\SYSTEM32\DBGHELP.DLL
0x00007ff9f02d0000 - 0x00007ff9f0653000 	C:\WINDOWS\System32\combase.dll
0x00007ff9ef870000 - 0x00007ff9ef949000 	C:\WINDOWS\System32\OLEAUT32.dll
0x00007ff9b2810000 - 0x00007ff9b284b000 	C:\WINDOWS\SYSTEM32\dbgcore.DLL
0x00007ff9ed980000 - 0x00007ff9eda2c000 	C:\WINDOWS\System32\bcryptPrimitives.dll
0x00007ff9c3800000 - 0x00007ff9c381f000 	D:\jdk-21.0.7\bin\java.dll
0x00007ff9ee800000 - 0x00007ff9eef92000 	C:\WINDOWS\System32\SHELL32.dll
0x00007ff9eb360000 - 0x00007ff9ebbf2000 	C:\WINDOWS\SYSTEM32\windows.storage.dll
0x00007ff9efc90000 - 0x00007ff9efd87000 	C:\WINDOWS\System32\SHCORE.dll
0x00007ff9ee6c0000 - 0x00007ff9ee727000 	C:\WINDOWS\System32\shlwapi.dll
0x00007ff9ed7e0000 - 0x00007ff9ed809000 	C:\WINDOWS\SYSTEM32\profapi.dll
0x00007ff9d4fb0000 - 0x00007ff9d4fc0000 	D:\jdk-21.0.7\bin\net.dll
0x00007ff9e75e0000 - 0x00007ff9e7709000 	C:\WINDOWS\SYSTEM32\WINHTTP.dll
0x00007ff9ecb50000 - 0x00007ff9ecbbc000 	C:\WINDOWS\system32\mswsock.dll
0x00007ff9b34f0000 - 0x00007ff9b3506000 	D:\jdk-21.0.7\bin\nio.dll
0x00007ff9ac650000 - 0x00007ff9ac668000 	D:\jdk-21.0.7\bin\zip.dll
0x00007ff9d4200000 - 0x00007ff9d420a000 	D:\jdk-21.0.7\bin\management.dll
0x00007ff9c37f0000 - 0x00007ff9c37fb000 	D:\jdk-21.0.7\bin\management_ext.dll
0x00007ff9ee6b0000 - 0x00007ff9ee6b8000 	C:\WINDOWS\System32\PSAPI.DLL
0x00007ff9c08b0000 - 0x00007ff9c08c8000 	C:\WINDOWS\system32\napinsp.dll
0x00007ff9ec040000 - 0x00007ff9ec195000 	C:\WINDOWS\SYSTEM32\DNSAPI.dll
0x00007ff9ec8e0000 - 0x00007ff9ec8ed000 	C:\WINDOWS\SYSTEM32\DSPARSE.dll
0x00007ff9ebfa0000 - 0x00007ff9ebfd3000 	C:\WINDOWS\SYSTEM32\IPHLPAPI.DLL
0x00007ff9efa50000 - 0x00007ff9efa5a000 	C:\WINDOWS\System32\NSI.dll
0x00007ff9c0890000 - 0x00007ff9c08a3000 	C:\WINDOWS\System32\winrnr.dll
0x00007ff9c0860000 - 0x00007ff9c0882000 	C:\WINDOWS\system32\nlansp_c.dll
0x00007ff9c07d0000 - 0x00007ff9c07e6000 	C:\WINDOWS\system32\wshbth.dll
0x00007ff9e2c30000 - 0x00007ff9e2c3b000 	C:\Windows\System32\rasadhlp.dll
0x00007ff9e7830000 - 0x00007ff9e78b6000 	C:\WINDOWS\System32\fwpuclnt.dll
0x00007ff9ece50000 - 0x00007ff9ece6b000 	C:\WINDOWS\SYSTEM32\CRYPTSP.dll
0x00007ff9ec500000 - 0x00007ff9ec539000 	C:\WINDOWS\system32\rsaenh.dll
0x00007ff9ecc10000 - 0x00007ff9ecc42000 	C:\WINDOWS\SYSTEM32\USERENV.dll
0x00007ff9ed7b0000 - 0x00007ff9ed7da000 	C:\WINDOWS\SYSTEM32\bcrypt.dll
0x00007ff9ece70000 - 0x00007ff9ece7c000 	C:\WINDOWS\SYSTEM32\CRYPTBASE.dll
0x00007ff9c3750000 - 0x00007ff9c3759000 	D:\jdk-21.0.7\bin\extnet.dll
0x00007ff9b32d0000 - 0x00007ff9b32de000 	D:\jdk-21.0.7\bin\sunmscapi.dll
0x00007ff9edc50000 - 0x00007ff9eddc8000 	C:\WINDOWS\System32\CRYPT32.dll
0x00007ff9ed090000 - 0x00007ff9ed0c0000 	C:\WINDOWS\SYSTEM32\ncrypt.dll
0x00007ff9ed040000 - 0x00007ff9ed07f000 	C:\WINDOWS\SYSTEM32\NTASN1.dll
0x00007ff9aebc0000 - 0x00007ff9aebc8000 	C:\WINDOWS\system32\wshunix.dll

dbghelp: loaded successfully - version: 4.0.5 - missing functions: none
symbol engine: initialized successfully - sym options: 0x614 - pdb path: .;D:\jdk-21.0.7\bin;C:\WINDOWS\SYSTEM32;C:\WINDOWS\WinSxS\amd64_microsoft.windows.common-controls_6595b64144ccf1df_6.0.26100.8737_none_3e092eaee333b772;D:\jdk-21.0.7\bin\server

VM Arguments:
jvm_args: -Dcom.sun.management.jmxremote -Dcom.sun.management.jmxremote.port=49882 -Dcom.sun.management.jmxremote.authenticate=false -Dcom.sun.management.jmxremote.ssl=false -Djava.rmi.server.hostname=localhost -Dspring.jmx.enabled=true -Dmanagement.endpoints.jmx.exposure.include=* -Dspring.application.admin.enabled=true -Dspring.output.ansi.enabled=always -XX:TieredStopAtLevel=1 -Dspring.boot.project.name=TripDetails -Dfile.encoding=UTF-8 -Dstdout.encoding=UTF-8 -Dstderr.encoding=UTF-8 -XX:+ShowCodeDetailsInExceptionMessages 
java_command: mahametro.tripchart.TripDetailsApplication
java_class_path (initial): D:\Java\Eclipse 2.0\TripDetails\target\classes;C:\Users\rajpa\.m2\repository\org\springframework\boot\spring-boot-starter-data-jpa\4.1.0\spring-boot-starter-data-jpa-4.1.0.jar;C:\Users\rajpa\.m2\repository\org\springframework\boot\spring-boot-starter\4.1.0\spring-boot-starter-4.1.0.jar;C:\Users\rajpa\.m2\repository\org\springframework\boot\spring-boot-starter-logging\4.1.0\spring-boot-starter-logging-4.1.0.jar;C:\Users\rajpa\.m2\repository\ch\qos\logback\logback-classic\1.5.34\logback-classic-1.5.34.jar;C:\Users\rajpa\.m2\repository\ch\qos\logback\logback-core\1.5.34\logback-core-1.5.34.jar;C:\Users\rajpa\.m2\repository\org\apache\logging\log4j\log4j-to-slf4j\2.25.4\log4j-to-slf4j-2.25.4.jar;C:\Users\rajpa\.m2\repository\org\apache\logging\log4j\log4j-api\2.25.4\log4j-api-2.25.4.jar;C:\Users\rajpa\.m2\repository\org\slf4j\jul-to-slf4j\2.0.18\jul-to-slf4j-2.0.18.jar;C:\Users\rajpa\.m2\repository\jakarta\annotation\jakarta.annotation-api\3.0.0\jakarta.annotation-api-3.0.0.jar;C:\Users\rajpa\.m2\repository\org\yaml\snakeyaml\2.6\snakeyaml-2.6.jar;C:\Users\rajpa\.m2\repository\org\springframework\boot\spring-boot-starter-jdbc\4.1.0\spring-boot-starter-jdbc-4.1.0.jar;C:\Users\rajpa\.m2\repository\com\zaxxer\HikariCP\7.0.2\HikariCP-7.0.2.jar;C:\Users\rajpa\.m2\repository\org\slf4j\slf4j-api\2.0.18\slf4j-api-2.0.18.jar;C:\Users\rajpa\.m2\repository\org\springframework\boot\spring-boot-data-jpa\4.1.0\spring-boot-data-jpa-4.1.0.jar;C:\Users\rajpa\.m2\repository\org\springframework\boot\spring-boot-data-commons\4.1.0\spring-boot-data-commons-4.1.0.jar;C:\Users\rajpa\.m2\repository\org\springframework\boot\spring-boot-persistence\4.1.0\spring-boot-persistence-4.1.0.jar;C:\Users\rajpa\.m2\repository\org\springframework\data\spring-data-commons\4.1.0\spring-data-commons-4.1.0.jar;C:\Users\rajpa\.m2\repository\org\springframework\boot\spring-boot-hibernate\4.1.0\spring-boot-hibernate-4.1.0.jar;C:\Users\rajpa\.m2\repository\org\springframework\boot\spring-boot-jpa\4.1.0\spring-boot-jpa-4.1.0.jar;C:\Users\rajpa\.m2\repository\jakarta\persistence\jakarta.persistence-api\3.2.0\jakarta.persistence-api-3.2.0.jar;C:\Users\rajpa\.m2\repository\org\hibernate\orm\hibernate-core\7.4.1.Final\hibernate-core-7.4.1.Final.jar;C:\Users\rajpa\.m2\repository\jakarta\transaction\jakarta.transaction-api\2.0.1\jakarta.transaction-api-2.0.1.jar;C:\Users\rajpa\.m2\repository\org\jboss\logging\jboss-logging\3.6.3.Final\jboss-logging-3.6.3.Final.jar;C:\Users\rajpa\.m2\repository\org\hibernate\models\hibernate-models\1.1.1\hibernate-models-1.1.1.jar;C:\Users\rajpa\.m2\repository\org\glassfish\jaxb\jaxb-runtime\4.0.9\jaxb-runtime-4.0.9.jar;C:\Users\rajpa\.m2\repository\org\glassfish\jaxb\jaxb-core\4.0.9\jaxb-core-4.0.9.jar;C:\Users\rajpa\.m2\repository\org\eclipse\angus\angus-activation\2.0.3\angus-activation-2.0.3.jar;C:\Users\rajpa\.m2\repository\org\glassfish\jaxb\txw2\4.0.9\txw2-4.0.9.jar;C:\Users\rajpa\.m2\repository\com\sun\istack\istack-commons-runtime\4.1.2\istack-commons-runtime-4.1.2.jar;C:\Users\rajpa\.m2\repository\jakarta\inject\jakarta.inject-api\2.0.1\jakarta.inject-api-2.0.1.jar;C:\Users\rajpa\.m2\repository\org\springframework\spring-orm\7.0.8\spring-orm-7.0.8.jar;C:\Users\rajpa\.m2\repository\org\springframework\data\spring-data-jpa\4.1.0\spring-data-jpa-4.1.0.jar;C:\Users\rajpa\.m2\repository\org\springframework\spring-tx\7.0.8\spring-tx-7.0.8.jar;C:\Users\rajpa\.m2\repository\org\antlr\antlr4-runtime\4.13.2\antlr4-runtime-4.13.2.jar;C:\Users\rajpa\.m2\repository\org\springframework\spring-aspects\7.0.8\spring-aspects-7.0.8.jar;C:\Users\rajpa\.m2\repository\org\aspectj\aspectjweaver\1.9.25.1\aspectjweaver-1.9.25.1.jar;C:\Users\rajpa\.m2\repository\org\springframework\boot\spring-boot-jdbc\4.1.0\spring-boot-jdbc-4.1.0.jar;C:\Users\rajpa\.m2\repository\org\springframework\boot\spring-boot-sql\4.1.0\spring-boot-sql-4.1.0.jar;C:\Users\rajpa\.m2\repository\org\springframework\boot\spring-boot-transaction\4.1.0\spring-boot-transaction-4.1.0.jar;C:\Users\rajpa\.m2\repository\org\springframework\spring-jdbc\7.0.8\spring-jdbc-7.0.8.jar;C:\Users\rajpa\.m2\repository\org\springframework\boot\spring-boot-starter-webmvc\4.1.0\spring-boot-starter-webmvc-4.1.0.jar;C:\Users\rajpa\.m2\repository\org\springframework\boot\spring-boot-starter-jackson\4.1.0\spring-boot-starter-jackson-4.1.0.jar;C:\Users\rajpa\.m2\repository\org\springframework\boot\spring-boot-jackson\4.1.0\spring-boot-jackson-4.1.0.jar;C:\Users\rajpa\.m2\repository\tools\jackson\core\jackson-databind\3.1.4\jackson-databind-3.1.4.jar;C:\Users\rajpa\.m2\repository\tools\jackson\core\jackson-core\3.1.4\jackson-core-3.1.4.jar;C:\Users\rajpa\.m2\repository\org\springframework\boot\spring-boot-starter-tomcat\4.1.0\spring-boot-starter-tomcat-4.1.0.jar;C:\Users\rajpa\.m2\repository\org\springframework\boot\spring-boot-starter-tomcat-runtime\4.1.0\spring-boot-starter-tomcat-runtime-4.1.0.jar;C:\Users\rajpa\.m2\repository\org\apache\tomcat\embed\tomcat-embed-core\11.0.22\tomcat-embed-core-11.0.22.jar;C:\Users\rajpa\.m2\repository\org\apache\tomcat\embed\tomcat-embed-el\11.0.22\tomcat-embed-el-11.0.22.jar;C:\Users\rajpa\.m2\repository\org\apache\tomcat\embed\tomcat-embed-websocket\11.0.22\tomcat-embed-websocket-11.0.22.jar;C:\Users\rajpa\.m2\repository\org\springframework\boot\spring-boot-tomcat\4.1.0\spring-boot-tomcat-4.1.0.jar;C:\Users\rajpa\.m2\repository\org\springframework\boot\spring-boot-http-converter\4.1.0\spring-boot-http-converter-4.1.0.jar;C:\Users\rajpa\.m2\repository\org\springframework\spring-web\7.0.8\spring-web-7.0.8.jar;C:\Users\rajpa\.m2\repository\io\micrometer\micrometer-observation\1.17.0\micrometer-observation-1.17.0.jar;C:\Users\rajpa\.m2\repository\io\micrometer\micrometer-commons\1.17.0\micrometer-commons-1.17.0.jar;C:\Users\rajpa\.m2\repository\org\springframework\boot\spring-boot-webmvc\4.1.0\spring-boot-webmvc-4.1.0.jar;C:\Users\rajpa\.m2\repository\org\springframework\boot\spring-boot-servlet\4.1.0\spring-boot-servlet-4.1.0.jar;C:\Users\rajpa\.m2\repository\org\springframework\spring-webmvc\7.0.8\spring-webmvc-7.0.8.jar;C:\Users\rajpa\.m2\repository\org\springframework\spring-expression\7.0.8\spring-expression-7.0.8.jar;C:\Users\rajpa\.m2\repository\org\postgresql\postgresql\42.7.11\postgresql-42.7.11.jar;C:\Users\rajpa\.m2\repository\io\jsonwebtoken\jjwt-api\0.11.5\jjwt-api-0.11.5.jar;C:\Users\rajpa\.m2\repository\io\jsonwebtoken\jjwt-impl\0.11.5\jjwt-impl-0.11.5.jar;C:\Users\rajpa\.m2\repository\io\jsonwebtoken\jjwt-jackson\0.11.5\jjwt-jackson-0.11.5.jar;C:\Users\rajpa\.m2\repository\com\fasterxml\jackson\core\jackson-databind\2.21.4\jackson-databind-2.21.4.jar;C:\Users\rajpa\.m2\repository\com\fasterxml\jackson\core\jackson-annotations\2.21\jackson-annotations-2.21.jar;C:\Users\rajpa\.m2\repository\com\fasterxml\jackson\core\jackson-core\2.21.4\jackson-core-2.21.4.jar;C:\Users\rajpa\.m2\repository\org\springframework\boot\spring-boot-starter-security\4.1.0\spring-boot-starter-security-4.1.0.jar;C:\Users\rajpa\.m2\repository\org\springframework\boot\spring-boot-security\4.1.0\spring-boot-security-4.1.0.jar;C:\Users\rajpa\.m2\repository\org\springframework\security\spring-security-config\7.1.0\spring-security-config-7.1.0.jar;C:\Users\rajpa\.m2\repository\org\springframework\security\spring-security-core\7.1.0\spring-security-core-7.1.0.jar;C:\Users\rajpa\.m2\repository\org\springframework\security\spring-security-crypto\7.1.0\spring-security-crypto-7.1.0.jar;C:\Users\rajpa\.m2\repository\org\springframework\security\spring-security-web\7.1.0\spring-security-web-7.1.0.jar;C:\Users\rajpa\.m2\repository\org\springframework\spring-aop\7.0.8\spring-aop-7.0.8.jar;C:\Users\rajpa\.m2\repository\org\springframework\spring-beans\7.0.8\spring-beans-7.0.8.jar;C:\Users\rajpa\.m2\repository\org\springframework\spring-core\7.0.8\spring-core-7.0.8.jar;C:\Users\rajpa\.m2\repository\commons-logging\commons-logging\1.3.6\commons-logging-1.3.6.jar;C:\Users\rajpa\.m2\repository\org\jspecify\jspecify\1.0.0\jspecify-1.0.0.jar;C:\Users\rajpa\.m2\repository\org\springframework\boot\spring-boot-devtools\4.1.0\spring-boot-devtools-4.1.0.jar;C:\Users\rajpa\.m2\repository\org\springframework\boot\spring-boot\4.1.0\spring-boot-4.1.0.jar;C:\Users\rajpa\.m2\repository\org\springframework\spring-context\7.0.8\spring-context-7.0.8.jar;C:\Users\rajpa\.m2\repository\org\springframework\boot\spring-boot-autoconfigure\4.1.0\spring-boot-autoconfigure-4.1.0.jar;C:\Users\rajpa\.m2\repository\com\oracle\database\jdbc\ojdbc11\23.26.2.0.0\ojdbc11-23.26.2.0.0.jar;C:\Users\rajpa\.m2\repository\jakarta\xml\bind\jakarta.xml.bind-api\4.0.5\jakarta.xml.bind-api-4.0.5.jar;C:\Users\rajpa\.m2\repository\jakarta\activation\jakarta.activation-api\2.1.4\jakarta.activation-api-2.1.4.jar;C:\Users\rajpa\.m2\repository\net\bytebuddy\byte-buddy\1.18.10\byte-buddy-1.18.10.jar;C:\Users\rajpa\.m2\repository\org\springframework\boot\spring-boot-web-server\4.1.0\spring-boot-web-server-4.1.0.jar
Launcher Type: SUN_STANDARD

[Global flags]
     intx CICompilerCount                          = 4                                         {product} {ergonomic}
     uint ConcGCThreads                            = 2                                         {product} {ergonomic}
     uint G1ConcRefinementThreads                  = 8                                         {product} {ergonomic}
   size_t G1HeapRegionSize                         = 1048576                                   {product} {ergonomic}
    uintx GCDrainStackTargetSize                   = 64                                        {product} {ergonomic}
   size_t InitialHeapSize                          = 98566144                                  {product} {ergonomic}
     bool ManagementServer                         = true                                      {product} {command line}
   size_t MarkStackSize                            = 4194304                                   {product} {ergonomic}
   size_t MaxHeapSize                              = 1564475392                                {product} {ergonomic}
   size_t MaxNewSize                               = 938475520                                 {product} {ergonomic}
   size_t MinHeapDeltaBytes                        = 1048576                                   {product} {ergonomic}
   size_t MinHeapSize                              = 8388608                                   {product} {ergonomic}
    uintx NonNMethodCodeHeapSize                   = 4096                                   {pd product} {ergonomic}
    uintx NonProfiledCodeHeapSize                  = 0                                      {pd product} {ergonomic}
     bool ProfileInterpreter                       = false                                  {pd product} {command line}
    uintx ProfiledCodeHeapSize                     = 0                                      {pd product} {ergonomic}
     bool ShowCodeDetailsInExceptionMessages       = true                                   {manageable} {command line}
   size_t SoftMaxHeapSize                          = 1564475392                             {manageable} {ergonomic}
     intx TieredStopAtLevel                        = 1                                         {product} {command line}
     bool UseCompressedOops                        = true                           {product lp64_product} {ergonomic}
     bool UseG1GC                                  = true                                      {product} {ergonomic}
     bool UseLargePagesIndividualAllocation        = false                                  {pd product} {ergonomic}

Logging:
Log output configuration:
 #0: stdout all=warning uptime,level,tags foldmultilines=false
 #1: stderr all=off uptime,level,tags foldmultilines=false

Environment Variables:
JAVA_HOME=D:\jdk-21.0.7
CLASSPATH=D:\Core Java\01JB\CodeWithEclipse\JDBC\src\ojdbc8.jar;D:\Core Java\01JB\CodeWithEclipse\Project_1\src\ojdbc8.jar;C:\Users\rajpa\eclipse-workspace\ojdbc8.jar;
PATH=C:/Users/rajpa/.p2/pool/plugins/org.eclipse.justj.openjdk.hotspot.jre.full.win32.x86_64_23.0.1.v20241024-1700/jre/bin/server;C:/Users/rajpa/.p2/pool/plugins/org.eclipse.justj.openjdk.hotspot.jre.full.win32.x86_64_23.0.1.v20241024-1700/jre/bin;D:\jdk-21.0.7\bin;D:\Python\Scripts\;D:\Python\;C:\Program Files\Common Files\Oracle\Java\javapath;C:\Windows\system32;C:\Windows;C:\Windows\System32\Wbem;C:\Windows\System32\WindowsPowerShell\v1.0\;C:\Windows\System32\OpenSSH;C:\Users\rajpa\eclipse-workspace\SpringBoot\apache-maven-3.9.9-bin\bin;D:\Full Stack Java\ReactJS\Installation\Node JS\;D:\Ganpti Songs\ffmpeg-7.1.1-essentials_build\bin;C:\Users\rajpa\AppData\Local\Microsoft\WindowsApps;C:\Users\rajpa\AppData\Local\Programs\Microsoft VS Code\bin;C:\Users\rajpa\AppData\Roaming\npm;C:\WINDOWS\system32;C:\WINDOWS;C:\WINDOWS\System32\Wbem;C:\WINDOWS\System32\WindowsPowerShell\v1.0\;C:\WINDOWS\System32\OpenSSH\;D:\Maven\apache-maven-3.9.11\mvn;C:\Program Files\dotnet\;C:\Program Files\Git\cmd;D:\Python\Scripts\;D:\Python\;C:\Program Files\Common Files\Oracle\Java\javapath;C:\Windows\system32;C:\Windows;C:\Windows\System32\Wbem;C:\Windows\System32\WindowsPowerShell\v1.0\;C:\Windows\System32\OpenSSH;C:\Program Files\Java\jdk-22\bin;C:\Program Files\Java\jdk-22\bin\java.exe;C:\Program Files\Git\cmd;D:\Java\Java\bin;C:\Users\rajpa\eclipse-workspace\SpringBoot\apache-maven-3.9.9-bin\bin;D:\Full Stack Java\ReactJS\Installation\Node JS\;D:\Ganpti Songs\ffmpeg-7.1.1-essentials_build\bin;C:\Users\rajpa\AppData\Local\Microsoft\WindowsApps;C:\Users\rajpa\AppData\Local\Programs\Microsoft VS Code\bin;C:\Users\rajpa\AppData\Roaming\npm;D:\jdk-21.0.7\bin;C:\Users\rajpa\AppData\Local\Microsoft\WindowsApps;D:\Maven\apache-maven-3.9.11\bin;D:\External_Softwares\Google Antigravity\Program Files\bin;C:\Users\rajpa\AppData\Local\PowerToys\DSCModules\;C:\Users\rajpa\.dotnet\tools;C:\WINDOWS\system32;
USERNAME=rajpa
OS=Windows_NT
PROCESSOR_IDENTIFIER=AMD64 Family 23 Model 160 Stepping 0, AuthenticAMD
TMP=C:\Users\rajpa\AppData\Local\Temp
TEMP=C:\Users\rajpa\AppData\Local\Temp




Periodic native trim disabled

---------------  S Y S T E M  ---------------

OS:
 Windows 11 , 64 bit Build 26100 (10.0.26100.8737)
OS uptime: 0 days 9:15 hours
Hyper-V role detected

CPU: total 8 (initial active 8) (8 cores per cpu, 2 threads per core) family 23 model 160 stepping 0 microcode 0x8a0000a, cx8, cmov, fxsr, ht, mmx, 3dnowpref, sse, sse2, sse3, ssse3, sse4a, sse4.1, sse4.2, popcnt, lzcnt, tsc, tscinvbit, avx, avx2, aes, clmul, bmi1, bmi2, adx, sha, fma, vzeroupper, clflush, clflushopt, hv, rdtscp, rdpid, f16c
Processor Information for all 8 processors :
  Max Mhz: 2801, Current Mhz: 2801, Mhz Limit: 2801

Memory: 4k page, system-wide physical 5965M (374M free)
TotalPageFile size 24397M (AvailPageFile size 3M)
current process WorkingSet (physical memory assigned to process): 46M, peak: 224M
current process commit charge ("private bytes"): 286M, peak: 294M

vm_info: Java HotSpot(TM) 64-Bit Server VM (21.0.7+8-LTS-245) for windows-amd64 JRE (21.0.7+8-LTS-245), built on 2025-02-21T05:11:27Z by "mach5one" with MS VC++ 17.6 (VS2022)

END.
